#-----------------------------------------------------------
# Vivado v2025.2 (64-bit)
# SW Build 6299465 on Fri Nov 14 19:35:11 GMT 2025
# IP Build 6300035 on Fri Nov 14 10:48:45 MST 2025
# SharedData Build 6298862 on Thu Nov 13 04:50:51 MST 2025
# Start of session at: Thu Jan 29 23:03:25 2026
# Process ID         : 15056
# Current directory  : C:/Users/gkash/Verilog files/fiblab
# Command line       : vivado.exe -gui_launcher_event rodinguilauncherevent25484 C:\Users\gkash\Verilog files\fiblab\fiblab.xpr
# Log file           : C:/Users/gkash/Verilog files/fiblab/vivado.log
# Journal file       : C:/Users/gkash/Verilog files/fiblab\vivado.jou
# Running On         : Ashwins_Zenbook
# Platform           : Windows Server 2016 or Windows 10
# Operating System   : 26200
# Processor Detail   : AMD Ryzen 7 7735U with Radeon Graphics         
# CPU Frequency      : 2695 MHz
# CPU Physical cores : 8
# CPU Logical cores  : 16
# Host memory        : 16372 MB
# Swap memory        : 6362 MB
# Total Virtual      : 22734 MB
# Available Virtual  : 1902 MB
#-----------------------------------------------------------
start_gui
open_project {C:/Users/gkash/Verilog files/fiblab/fiblab.xpr}
update_compile_order -fileset sources_1
launch_simulation
launch_simulation
launch_simulation
launch_simulation
source fib_tb.tcl
close_sim
